# cyril-uu8m red repro — BEFORE the guard, revision f9bc81d8 (main, unmodified), 2026-09-27
# command: unshare -r env -u CARGO_TARGET_DIR cargo nextest run -p cyril-core --features kas write_atomic_unwritable_parent
# host: Linux 7.2.3-1-cachyos x86_64; /usr/bin/unshare -r id -u -> 0; outside id -u -> 1000
# (compile lines and unused-warning noise trimmed; nextest output verbatim)

    Finished `test` profile [optimized + debuginfo] target(s) in 1m 05s
────────────
 Nextest run ID 820ebee3-1493-4ae9-b30e-8d15c98a6fdb with nextest profile: default
    Starting 1 test across 9 binaries (1072 tests skipped)
        FAIL [   0.005s] (1/1) cyril-core protocol::kas::host_io::tests::write_atomic_unwritable_parent_errs_target_intact
  stdout ───
    running 1 test
    test protocol::kas::host_io::tests::write_atomic_unwritable_parent_errs_target_intact ... FAILED
    failures:
    failures:
        protocol::kas::host_io::tests::write_atomic_unwritable_parent_errs_target_intact
    test result: FAILED. 0 passed; 1 failed; 0 ignored; 0 measured; 1052 filtered out; finished in 0.00s
  stderr ───
    thread 'protocol::kas::host_io::tests::write_atomic_unwritable_parent_errs_target_intact' (663030) panicked at crates/cyril-core/src/protocol/kas/host_io.rs:495:43:
    unwritable parent must fail the write: ()
    note: run with `RUST_BACKTRACE=1` environment variable to display a backtrace
  Cancelling due to test failure:
────────────
     Summary [   0.007s] 1 test run: 0 passed, 1 failed, 1072 skipped
        FAIL [   0.005s] (1/1) cyril-core protocol::kas::host_io::tests::write_atomic_unwritable_parent_errs_target_intact
error: test run failed
EXIT=100
