== step B-keepgoing: picker Option::expect + clippy.toml, --keep-going
   exit=101
clippy::expect_used | crates/cyril-ui/tests/picker_active_marker.rs:70 | used `expect()` on an `Option` value
unfulfilled_lint_expectations | crates/cyril-core/src/commands/mod.rs:1659 | this lint expectation is unfulfilled
unfulfilled_lint_expectations | crates/cyril-core/src/commands/mod.rs:515 | this lint expectation is unfulfilled
unfulfilled_lint_expectations | crates/cyril-core/src/protocol/source_observer.rs:458 | this lint expectation is unfulfilled
unfulfilled_lint_expectations | crates/cyril-core/src/types/memory.rs:734 | this lint expectation is unfulfilled
unfulfilled_lint_expectations | crates/cyril-core/src/voice.rs:76 | this lint expectation is unfulfilled
unfulfilled_lint_expectations | crates/cyril-memory/src/client.rs:278 | this lint expectation is unfulfilled
unfulfilled_lint_expectations | crates/cyril-memory/src/lesson.rs:293 | this lint expectation is unfulfilled
unfulfilled_lint_expectations | crates/cyril-memory/src/paths.rs:213 | this lint expectation is unfulfilled
unfulfilled_lint_expectations | crates/cyril-memory/src/permissions.rs:155 | this lint expectation is unfulfilled
unfulfilled_lint_expectations | crates/cyril-memory/src/project.rs:240 | this lint expectation is unfulfilled
unfulfilled_lint_expectations | crates/cyril-memory/src/runtime.rs:421 | this lint expectation is unfulfilled
unfulfilled_lint_expectations | crates/cyril-memory/src/source_turn.rs:1207 | this lint expectation is unfulfilled
unfulfilled_lint_expectations | crates/cyril-memory/src/wire.rs:1357 | this lint expectation is unfulfilled
unfulfilled_lint_expectations | crates/cyril-voice/src/lib.rs:139 | this lint expectation is unfulfilled
unfulfilled_lint_expectations | crates/cyril/src/capture_forwarder.rs:204 | this lint expectation is unfulfilled
unfulfilled_lint_expectations | crates/cyril/src/memory_runtime.rs:800 | this lint expectation is unfulfilled
unfulfilled_lint_expectations | crates/cyril/src/memory_runtime.rs:928 | this lint expectation is unfulfilled
# 18 diagnostic(s) for codes clippy::expect_used, clippy::unwrap_used, unfulfilled_lint_expectations
== units that produced artifacts or messages:
   4  bin          cyril                        cyril/src/main.rs
   2  bin          cyril-memory-runtime         src/bin/cyril-memory-runtime.rs
   1  custom-build build-script-build           index.crates.io-1949cf8c6b5b557f/anyhow-1.0.101/build.rs
   1  custom-build build-script-build           index.crates.io-1949cf8c6b5b557f/async-io-2.6.0/build.rs
   1  custom-build build-script-build           index.crates.io-1949cf8c6b5b557f/crc32fast-1.5.0/build.rs
   1  custom-build build-script-build           index.crates.io-1949cf8c6b5b557f/crossbeam-utils-0.8.21/build.rs
   1  custom-build build-script-build           index.crates.io-1949cf8c6b5b557f/generic-array-0.14.7/build.rs
   1  custom-build build-script-build           index.crates.io-1949cf8c6b5b557f/getrandom-0.4.2/build.rs
   1  custom-build build-script-build           index.crates.io-1949cf8c6b5b557f/httparse-1.10.1/build.rs
   1  custom-build build-script-build           index.crates.io-1949cf8c6b5b557f/instability-0.3.12/build.rs
   1  custom-build build-script-build           index.crates.io-1949cf8c6b5b557f/libc-0.2.186/build.rs
   1  custom-build build-script-build           index.crates.io-1949cf8c6b5b557f/libsqlite3-sys-0.37.0/build.rs
   1  custom-build build-script-build           index.crates.io-1949cf8c6b5b557f/nix-0.31.3/build.rs
   1  custom-build build-script-build           index.crates.io-1949cf8c6b5b557f/num-traits-0.2.19/build.rs
   1  custom-build build-script-build           index.crates.io-1949cf8c6b5b557f/parking_lot_core-0.9.12/build.rs
   1  custom-build build-script-build           index.crates.io-1949cf8c6b5b557f/proc-macro2-1.0.106/build.rs
   1  custom-build build-script-build           index.crates.io-1949cf8c6b5b557f/pulldown-cmark-0.13.2/build.rs
   1  custom-build build-script-build           index.crates.io-1949cf8c6b5b557f/quote-1.0.44/build.rs
   1  custom-build build-script-build           index.crates.io-1949cf8c6b5b557f/ref-cast-1.0.25/build.rs
   1  custom-build build-script-build           index.crates.io-1949cf8c6b5b557f/rstest_macros-0.25.0/build.rs
   1  custom-build build-script-build           index.crates.io-1949cf8c6b5b557f/rustix-1.1.4/build.rs
   1  custom-build build-script-build           index.crates.io-1949cf8c6b5b557f/serde-1.0.228/build.rs
   1  custom-build build-script-build           index.crates.io-1949cf8c6b5b557f/serde_core-1.0.228/build.rs
   1  custom-build build-script-build           index.crates.io-1949cf8c6b5b557f/serde_json-1.0.149/build.rs
   1  custom-build build-script-build           index.crates.io-1949cf8c6b5b557f/signal-hook-0.3.18/build.rs
   1  custom-build build-script-build           index.crates.io-1949cf8c6b5b557f/thiserror-2.0.18/build.rs
   1  custom-build build-script-build           index.crates.io-1949cf8c6b5b557f/typenum-1.19.0/build.rs
   1  custom-build build-script-build           index.crates.io-1949cf8c6b5b557f/zmij-1.0.21/build.rs
   1  custom-build build-script-build           rustversion-1.0.22/build/build.rs
   1  example      kas0_turnend_probe           cyril-core/examples/kas0_turnend_probe.rs
   1  example      l7tw_death_probe             cyril/examples/l7tw_death_probe.rs
   1  example      test_bridge                  cyril/examples/test_bridge.rs
   1  lib          adler2                       adler2-2.0.1/src/lib.rs
   1  lib          agent_client_protocol        agent-client-protocol-2.0.0/src/lib.rs
   1  lib          agent_client_protocol_conductor agent-client-protocol-conductor-2.0.0/src/lib.rs
   1  lib          agent_client_protocol_schema agent-client-protocol-schema-1.5.0/src/lib.rs
   1  lib          agent_client_protocol_trace_viewer agent-client-protocol-trace-viewer-2.0.0/src/lib.rs
   2  lib          aho_corasick                 aho-corasick-1.1.4/src/lib.rs
   1  lib          allocator_api2               allocator-api2-0.2.21/src/lib.rs
   1  lib          anstream                     anstream-0.6.21/src/lib.rs
   1  lib          anstyle                      anstyle-1.0.14/src/lib.rs
   1  lib          anstyle_parse                anstyle-parse-0.2.7/src/lib.rs
   1  lib          anstyle_query                anstyle-query-1.1.5/src/lib.rs
   1  lib          anyhow                       anyhow-1.0.101/src/lib.rs
   1  lib          async_channel                async-channel-2.5.0/src/lib.rs
   1  lib          async_io                     async-io-2.6.0/src/lib.rs
   1  lib          async_lock                   async-lock-3.4.2/src/lib.rs
   1  lib          async_process                async-process-2.5.0/src/lib.rs
   1  lib          async_signal                 async-signal-0.2.14/src/lib.rs
   1  lib          async_task                   async-task-4.7.1/src/lib.rs
   1  lib          atomic_waker                 atomic-waker-1.1.2/src/lib.rs
   1  lib          autocfg                      autocfg-1.5.0/src/lib.rs
   1  lib          axum                         axum-0.8.9/src/lib.rs
   1  lib          axum_core                    axum-core-0.5.6/src/lib.rs
   1  lib          base64                       base64-0.22.1/src/lib.rs
   1  lib          bincode                      bincode-1.3.3/src/lib.rs
   1  lib          bit_set                      bit-set-0.8.0/src/lib.rs
   1  lib          bit_vec                      bit-vec-0.8.0/src/lib.rs
   1  lib          bitflags                     bitflags-2.11.0/src/lib.rs
   1  lib          block_buffer                 block-buffer-0.10.4/src/lib.rs
   1  lib          blocking                     blocking-1.7.0/src/lib.rs
   1  lib          bytes                        bytes-1.11.1/src/lib.rs
   1  lib          castaway                     castaway-0.2.4/src/lib.rs
   1  lib          cc                           cc-1.2.65/src/lib.rs
   1  lib          cfg_aliases                  cfg_aliases-0.2.1/src/lib.rs
   2  lib          cfg_if                       cfg-if-1.0.4/src/lib.rs
   1  lib          chrono                       chrono-0.4.45/src/lib.rs
   1  lib          clap                         clap-4.5.60/src/lib.rs
   1  lib          clap_builder                 clap_builder-4.5.60/src/lib.rs
   1  lib          clap_lex                     clap_lex-1.1.0/src/lib.rs
   1  lib          colorchoice                  colorchoice-1.0.5/src/lib.rs
   1  lib          compact_str                  compact_str-0.9.0/src/lib.rs
   1  lib          concurrent_queue             concurrent-queue-2.5.0/src/lib.rs
   1  lib          console                      console-0.15.11/src/lib.rs
   1  lib          constant_time_eq             constant_time_eq-0.4.2/src/lib.rs
   1  lib          convert_case                 convert_case-0.10.0/src/lib.rs
   1  lib          cpufeatures                  cpufeatures-0.2.17/src/lib.rs
   1  lib          crc32fast                    crc32fast-1.5.0/src/lib.rs
   1  lib          crossbeam_utils              crossbeam-utils-0.8.21/src/lib.rs
   1  lib          crossterm                    crossterm-0.29.0/src/lib.rs
   1  lib          crypto_common                crypto-common-0.1.7/src/lib.rs
   6  lib          cyril_core                   cyril-core/src/lib.rs
   9  lib          cyril_memory                 cyril-memory/src/lib.rs
   2  lib          cyril_ui                     cyril-ui/src/lib.rs
   2  lib          cyril_voice                  cyril-voice/src/lib.rs
   2  lib          cyril_workbench              cyril-workbench/src/lib.rs
   1  lib          darling                      darling-0.23.0/src/lib.rs
   1  lib          darling_core                 darling_core-0.23.0/src/lib.rs
   1  lib          deranged                     deranged-0.5.8/src/lib.rs
   1  lib          derive_more                  derive_more-2.1.1/src/lib.rs
   1  lib          digest                       digest-0.10.7/src/lib.rs
   1  lib          dunce                        dunce-1.0.5/src/lib.rs
   1  lib          dyn_clone                    dyn-clone-1.0.20/src/lib.rs
   1  lib          either                       either-1.15.0/src/lib.rs
   2  lib          equivalent                   equivalent-1.0.2/src/lib.rs
   1  lib          errno                        errno-0.3.14/src/lib.rs
   1  lib          event_listener               event-listener-5.4.1/src/lib.rs
   1  lib          event_listener_strategy      event-listener-strategy-0.5.4/src/lib.rs
   1  lib          fallible_iterator            fallible-iterator-0.3.0/src/lib.rs
   1  lib          fallible_streaming_iterator  fallible-streaming-iterator-0.1.9/src/lib.rs
   1  lib          fancy_regex                  fancy-regex-0.16.2/src/lib.rs
   1  lib          fastrand                     fastrand-2.3.0/src/lib.rs
   1  lib          find_msvc_tools              find-msvc-tools-0.1.9/src/lib.rs
   1  lib          fixedbitset                  fixedbitset-0.5.7/src/lib.rs
   1  lib          flate2                       flate2-1.1.9/src/lib.rs
   1  lib          fnv                          index.crates.io-1949cf8c6b5b557f/fnv-1.0.7/lib.rs
   1  lib          foldhash                     foldhash-0.2.0/src/lib.rs
   1  lib          form_urlencoded              form_urlencoded-1.2.2/src/lib.rs
   1  lib          futures                      futures-0.3.32/src/lib.rs
   1  lib          futures_channel              futures-channel-0.3.32/src/lib.rs
   1  lib          futures_concurrency          futures-concurrency-7.7.1/src/lib.rs
   1  lib          futures_core                 futures-core-0.3.32/src/lib.rs
   1  lib          futures_executor             futures-executor-0.3.32/src/lib.rs
   1  lib          futures_io                   futures-io-0.3.32/src/lib.rs
   1  lib          futures_lite                 futures-lite-2.6.1/src/lib.rs
   1  lib          futures_sink                 futures-sink-0.3.32/src/lib.rs
   1  lib          futures_task                 futures-task-0.3.32/src/lib.rs
   1  lib          futures_timer                futures-timer-3.0.3/src/lib.rs
   1  lib          futures_util                 futures-util-0.3.32/src/lib.rs
   1  lib          generic_array                generic-array-0.14.7/src/lib.rs
   1  lib          getrandom                    getrandom-0.4.2/src/lib.rs
   1  lib          glob                         glob-0.3.3/src/lib.rs
   2  lib          hashbrown                    hashbrown-0.16.1/src/lib.rs
   1  lib          heck                         heck-0.5.0/src/lib.rs
   1  lib          hex                          hex-0.4.3/src/lib.rs
   1  lib          http                         http-1.5.0/src/lib.rs
   1  lib          http_body                    http-body-1.1.0/src/lib.rs
   1  lib          http_body_util               http-body-util-0.1.5/src/lib.rs
   1  lib          httparse                     httparse-1.10.1/src/lib.rs
   1  lib          httpdate                     httpdate-1.0.3/src/lib.rs
   1  lib          hyper                        hyper-1.11.1/src/lib.rs
   1  lib          hyper_util                   hyper-util-0.1.20/src/lib.rs
   1  lib          iana_time_zone               iana-time-zone-0.1.65/src/lib.rs
   1  lib          ident_case                   ident_case-1.0.1/src/lib.rs
   2  lib          indexmap                     indexmap-2.13.0/src/lib.rs
   1  lib          insta                        insta-1.46.3/src/lib.rs
   1  lib          is_docker                    is-docker-0.2.0/src/lib.rs
   1  lib          is_terminal_polyfill         is_terminal_polyfill-1.70.2/src/lib.rs
   1  lib          is_wsl                       is-wsl-0.4.0/src/lib.rs
   1  lib          itertools                    itertools-0.14.0/src/lib.rs
   1  lib          itoa                         itoa-1.0.17/src/lib.rs
   1  lib          kasuari                      kasuari-0.4.12/src/lib.rs
   1  lib          lazy_static                  lazy_static-1.5.0/src/lib.rs
   1  lib          libc                         libc-0.2.186/src/lib.rs
   1  lib          libsqlite3_sys               libsqlite3-sys-0.37.0/src/lib.rs
   1  lib          line_clipping                line-clipping-0.3.5/src/lib.rs
   1  lib          linked_hash_map              linked-hash-map-0.5.6/src/lib.rs
   1  lib          linux_raw_sys                linux-raw-sys-0.12.1/src/lib.rs
   1  lib          litrs                        litrs-1.0.0/src/lib.rs
   1  lib          lock_api                     lock_api-0.4.14/src/lib.rs
   1  lib          log                          log-0.4.29/src/lib.rs
   1  lib          lru                          lru-0.16.3/src/lib.rs
   1  lib          matchers                     matchers-0.2.0/src/lib.rs
   1  lib          matchit                      matchit-0.8.4/src/lib.rs
   2  lib          memchr                       memchr-2.8.0/src/lib.rs
   1  lib          mime                         mime-0.3.17/src/lib.rs
   1  lib          miniz_oxide                  miniz_oxide-0.8.9/src/lib.rs
   1  lib          mio                          mio-1.2.2/src/lib.rs
   1  lib          nix                          nix-0.31.3/src/lib.rs
   1  lib          nu_ansi_term                 nu-ansi-term-0.50.3/src/lib.rs
   1  lib          nucleo_matcher               nucleo-matcher-0.3.1/src/lib.rs
   1  lib          num_conv                     num-conv-0.2.0/src/lib.rs
   1  lib          num_threads                  num_threads-0.1.7/src/lib.rs
   1  lib          num_traits                   num-traits-0.2.19/src/lib.rs
   1  lib          once_cell                    once_cell-1.21.3/src/lib.rs
   1  lib          open                         open-5.4.2/src/lib.rs
   1  lib          parking                      parking-2.2.1/src/lib.rs
   1  lib          parking_lot                  parking_lot-0.12.5/src/lib.rs
   1  lib          parking_lot_core             parking_lot_core-0.9.12/src/lib.rs
   1  lib          percent_encoding             percent-encoding-2.3.2/src/lib.rs
   1  lib          pin_project                  pin-project-1.1.13/src/lib.rs
   1  lib          pin_project_lite             pin-project-lite-0.2.16/src/lib.rs
   1  lib          piper                        piper-0.2.5/src/lib.rs
   1  lib          pkg_config                   pkg-config-0.3.33/src/lib.rs
   1  lib          plist                        plist-1.8.0/src/lib.rs
   1  lib          polling                      polling-3.11.0/src/lib.rs
   1  lib          powerfmt                     powerfmt-0.2.0/src/lib.rs
   1  lib          proc_macro2                  proc-macro2-1.0.106/src/lib.rs
   1  lib          proc_macro_crate             proc-macro-crate-3.5.0/src/lib.rs
   1  lib          process_wrap                 process-wrap-9.1.0/src/lib.rs
   1  lib          pulldown_cmark               pulldown-cmark-0.13.2/src/lib.rs
   1  lib          quick_xml                    quick-xml-0.38.4/src/lib.rs
   1  lib          quote                        quote-1.0.44/src/lib.rs
   1  lib          ratatui                      ratatui-0.30.0/src/lib.rs
   1  lib          ratatui_core                 ratatui-core-0.1.0/src/lib.rs
   1  lib          ratatui_crossterm            ratatui-crossterm-0.1.0/src/lib.rs
   1  lib          ratatui_macros               ratatui-macros-0.7.0/src/lib.rs
   1  lib          ratatui_widgets              ratatui-widgets-0.3.0/src/lib.rs
   1  lib          ref_cast                     ref-cast-1.0.25/src/lib.rs
   2  lib          regex                        regex-1.12.3/src/lib.rs
   2  lib          regex_automata               regex-automata-0.4.14/src/lib.rs
   2  lib          regex_syntax                 regex-syntax-0.8.10/src/lib.rs
   1  lib          relative_path                relative-path-1.9.3/src/lib.rs
   1  lib          rstest                       rstest-0.25.0/src/lib.rs
   1  lib          rusqlite                     rusqlite-0.39.0/src/lib.rs
   1  lib          rustc_hash                   rustc-hash-2.1.3/src/lib.rs
   1  lib          rustc_version                rustc_version-0.4.1/src/lib.rs
   1  lib          rustix                       rustix-1.1.4/src/lib.rs
   1  lib          ryu                          ryu-1.0.23/src/lib.rs
   1  lib          same_file                    same-file-1.0.6/src/lib.rs
   1  lib          schemars                     schemars-1.2.1/src/lib.rs
   1  lib          scopeguard                   scopeguard-1.2.0/src/lib.rs
   1  lib          semver                       semver-1.0.27/src/lib.rs
   1  lib          serde                        serde-1.0.228/src/lib.rs
   1  lib          serde_core                   serde_core-1.0.228/src/lib.rs
   1  lib          serde_derive_internals       index.crates.io-1949cf8c6b5b557f/serde_derive_internals-0.29.1/lib.rs
   1  lib          serde_json                   serde_json-1.0.149/src/lib.rs
   1  lib          serde_path_to_error          serde_path_to_error-0.1.20/src/lib.rs
   1  lib          serde_spanned                serde_spanned-1.0.4/src/lib.rs
   1  lib          serde_urlencoded             serde_urlencoded-0.7.1/src/lib.rs
   1  lib          serde_with                   serde_with-3.22.0/src/lib.rs
   1  lib          sha2                         sha2-0.10.9/src/lib.rs
   1  lib          sharded_slab                 sharded-slab-0.1.7/src/lib.rs
   1  lib          shell_words                  shell-words-1.1.1/src/lib.rs
   1  lib          shlex                        shlex-2.0.1/src/lib.rs
   1  lib          signal_hook                  signal-hook-0.3.18/src/lib.rs
   1  lib          signal_hook_mio              signal-hook-mio-0.2.5/src/lib.rs
   1  lib          signal_hook_registry         signal-hook-registry-1.4.8/src/lib.rs
   1  lib          simd_adler32                 simd-adler32-0.3.8/src/lib.rs
   1  lib          similar                      similar-2.7.0/src/lib.rs
   1  lib          slab                         slab-0.4.12/src/lib.rs
   1  lib          smallvec                     smallvec-1.15.1/src/lib.rs
   1  lib          socket2                      socket2-0.6.5/src/lib.rs
   1  lib          static_assertions            static_assertions-1.1.0/src/lib.rs
   1  lib          strip_ansi_escapes           strip-ansi-escapes-0.2.1/src/lib.rs
   2  lib          strsim                       strsim-0.11.1/src/lib.rs
   1  lib          strum                        strum-0.27.2/src/lib.rs
   1  lib          strum                        strum-0.28.0/src/lib.rs
   1  lib          syn                          syn-2.0.116/src/lib.rs
   1  lib          syn                          syn-3.0.4/src/lib.rs
   1  lib          sync_wrapper                 sync_wrapper-1.0.2/src/lib.rs
   1  lib          syntect                      syntect-5.3.0/src/lib.rs
   1  lib          tempfile                     tempfile-3.27.0/src/lib.rs
   1  lib          thiserror                    thiserror-2.0.18/src/lib.rs
   1  lib          thread_local                 thread_local-1.1.9/src/lib.rs
   1  lib          time                         time-0.3.47/src/lib.rs
   1  lib          time_core                    time-core-0.1.8/src/lib.rs
   1  lib          tokio                        tokio-1.53.1/src/lib.rs
   1  lib          tokio_util                   tokio-util-0.7.18/src/lib.rs
   1  lib          toml                         toml-1.0.7+spec-1.1.0/src/lib.rs
   2  lib          toml_datetime                toml_datetime-1.0.1+spec-1.1.0/src/lib.rs
   1  lib          toml_edit                    toml_edit-0.25.5+spec-1.1.0/src/lib.rs
   2  lib          toml_parser                  toml_parser-1.0.10+spec-1.1.0/src/lib.rs
   1  lib          toml_writer                  toml_writer-1.0.7+spec-1.1.0/src/lib.rs
   1  lib          tower                        tower-0.5.3/src/lib.rs
   1  lib          tower_layer                  tower-layer-0.3.3/src/lib.rs
   1  lib          tower_service                tower-service-0.3.3/src/lib.rs
   1  lib          tracing                      tracing-0.1.44/src/lib.rs
   1  lib          tracing_core                 tracing-core-0.1.36/src/lib.rs
   1  lib          tracing_log                  tracing-log-0.2.0/src/lib.rs
   1  lib          tracing_serde                tracing-serde-0.2.0/src/lib.rs
   1  lib          tracing_subscriber           tracing-subscriber-0.3.23/src/lib.rs
   1  lib          typenum                      typenum-1.19.0/src/lib.rs
   1  lib          unicase                      unicase-2.9.0/src/lib.rs
   1  lib          unicode_ident                unicode-ident-1.0.24/src/lib.rs
   2  lib          unicode_segmentation         unicode-segmentation-1.12.0/src/lib.rs
   1  lib          unicode_truncate             unicode-truncate-2.0.1/src/lib.rs
   1  lib          unicode_width                unicode-width-0.2.2/src/lib.rs
   1  lib          unicode_xid                  unicode-xid-0.2.6/src/lib.rs
   1  lib          utf8parse                    utf8parse-0.2.2/src/lib.rs
   1  lib          uuid                         uuid-1.22.0/src/lib.rs
   1  lib          vcpkg                        vcpkg-0.2.15/src/lib.rs
   1  lib          version_check                version_check-0.9.5/src/lib.rs
   1  lib          vte                          vte-0.14.1/src/lib.rs
   1  lib          walkdir                      walkdir-2.5.0/src/lib.rs
   2  lib          winnow                       winnow-1.0.0/src/lib.rs
   1  lib          yaml_rust                    yaml-rust-0.4.5/src/lib.rs
   1  lib          zmij                         zmij-1.0.21/src/lib.rs
   1  proc-macro   agent_client_protocol_derive agent-client-protocol-derive-2.0.0/src/lib.rs
   1  proc-macro   async_trait                  async-trait-0.1.89/src/lib.rs
   1  proc-macro   clap_derive                  clap_derive-4.5.55/src/lib.rs
   1  proc-macro   darling_macro                darling_macro-0.23.0/src/lib.rs
   1  proc-macro   derive_more_impl             derive_more-impl-2.1.1/src/lib.rs
   1  proc-macro   document_features            index.crates.io-1949cf8c6b5b557f/document-features-0.2.12/lib.rs
   1  proc-macro   futures_macro                futures-macro-0.3.32/src/lib.rs
   1  proc-macro   indoc                        indoc-2.0.7/src/lib.rs
   1  proc-macro   instability                  instability-0.3.12/src/lib.rs
   1  proc-macro   pin_project_internal         pin-project-internal-1.1.13/src/lib.rs
   1  proc-macro   ref_cast_impl                ref-cast-impl-1.0.25/src/lib.rs
   1  proc-macro   rstest_macros                rstest_macros-0.25.0/src/lib.rs
   1  proc-macro   rustversion                  rustversion-1.0.22/src/lib.rs
   1  proc-macro   schemars_derive              schemars_derive-1.2.1/src/lib.rs
   1  proc-macro   serde_derive                 serde_derive-1.0.228/src/lib.rs
   1  proc-macro   serde_with_macros            serde_with_macros-3.22.0/src/lib.rs
   1  proc-macro   strum_macros                 strum_macros-0.27.2/src/lib.rs
   1  proc-macro   strum_macros                 strum_macros-0.28.0/src/lib.rs
   1  proc-macro   thiserror_impl               thiserror-impl-2.0.18/src/lib.rs
   1  proc-macro   tokio_macros                 tokio-macros-2.7.2/src/lib.rs
   1  proc-macro   tracing_attributes           tracing-attributes-0.1.31/src/lib.rs
   1  test         architecture_tests           cyril/tests/architecture_tests.rs
   1  test         event_routing                cyril/tests/event_routing.rs
   1  test         kas_freepath_smoke           cyril-core/tests/kas_freepath_smoke.rs
   1  test         kas_fs_host_io_smoke         cyril-core/tests/kas_fs_host_io_smoke.rs
   1  test         kas_settings_handshake_smoke cyril-core/tests/kas_settings_handshake_smoke.rs
   1  test         kas_wrapper_smoke            cyril-core/tests/kas_wrapper_smoke.rs
   1  test         memory_runtime               cyril/tests/memory_runtime.rs
   1  test         modal_theme                  cyril-ui/tests/modal_theme.rs
   1  test         nd4h_legacy_config_compat    cyril-core/tests/nd4h_legacy_config_compat.rs
   1  test         nd4h_source_fences           cyril/tests/nd4h_source_fences.rs
   1  test         no_percentile_computation    cyril-ui/tests/no_percentile_computation.rs
   1  test         picker_active_marker         cyril-ui/tests/picker_active_marker.rs
   1  test         picker_viewport              cyril-ui/tests/picker_viewport.rs
   1  test         powers_source_fence          cyril/tests/powers_source_fence.rs
   1  test         reviewer                     cyril-workbench/tests/reviewer.rs
   1  test         session_configuration        cyril-core/tests/session_configuration.rs
   1  test         spawn_isolation              cyril-core/tests/spawn_isolation.rs
   1  test         widget_theme_sources         cyril-ui/tests/widget_theme_sources.rs
   1  test         win_wsl_wiring               cyril-core/tests/win_wsl_wiring.rs
PROBE-KEEPGOING-DONE
probe-keepgoing exit=0
