---
source: crates/cyril-ui/src/render.rs
expression: buffer
---
Buffer {
    area: Rect { x: 0, y: 0, width: 80, height: 24 },
    content: [
        "theme-contract · code · claude-sonnet                                           ",
        "You:                                                                            ",
        "  Update the greeting without losing Unicode.                                   ",
        "                                                                                ",
        "Kiro:                                                                           ",
        "I updated the Rust greeting and status.                                         ",
        "                                                                                ",
        "                                                                                ",
        "✓ Edit(src/greeting.rs)  +2 -2                                                  ",
        "       1 │  fn greet() {                                                        ",
        "       2 │-     println!("Hello, 世界");                                        ", // hidden by multi-width symbols: [(34, " "), (36, " ")]
        "       3 │-     let status = "old";                                             ",
        "       2 │+     println!("Hello, Cyril 🚀");                                    ", // hidden by multi-width symbols: [(40, " ")]
        "       3 │+     let status = "ready";                                           ",
        "       4 │  }                                                                   ",
        "                                                                                ",
        "                                                                                ",
        "                                                                                ",
        "┌ > ───────────────────────────────────────────────────────────────────────────┐",
        "│█                                                                             │",
        "│                                                                              │",
        "│                                                                              │",
        "└──────────────────────────────────────────────────────────────────────────────┘",
        "cyril                                                                           ",
    ],
    styles: [
        x: 0, y: 0, fg: Rgb(255, 255, 255), bg: Rgb(30, 30, 46), underline: Reset, modifier: BOLD,
        x: 14, y: 0, fg: Reset, bg: Rgb(30, 30, 46), underline: Reset, modifier: NONE,
        x: 17, y: 0, fg: Rgb(0, 128, 128), bg: Rgb(30, 30, 46), underline: Reset, modifier: NONE,
        x: 21, y: 0, fg: Reset, bg: Rgb(30, 30, 46), underline: Reset, modifier: NONE,
        x: 24, y: 0, fg: Rgb(128, 0, 128), bg: Rgb(30, 30, 46), underline: Reset, modifier: NONE,
        x: 37, y: 0, fg: Reset, bg: Rgb(30, 30, 46), underline: Reset, modifier: NONE,
        x: 0, y: 1, fg: Rgb(138, 180, 248), bg: Reset, underline: Reset, modifier: BOLD,
        x: 4, y: 1, fg: Reset, bg: Reset, underline: Reset, modifier: NONE,
        x: 0, y: 4, fg: Rgb(129, 199, 132), bg: Reset, underline: Reset, modifier: BOLD,
        x: 5, y: 4, fg: Reset, bg: Reset, underline: Reset, modifier: NONE,
        x: 0, y: 8, fg: Rgb(0, 128, 0), bg: Reset, underline: Reset, modifier: NONE,
        x: 2, y: 8, fg: Rgb(128, 0, 128), bg: Reset, underline: Reset, modifier: NONE,
        x: 23, y: 8, fg: Rgb(128, 128, 128), bg: Reset, underline: Reset, modifier: NONE,
        x: 30, y: 8, fg: Reset, bg: Reset, underline: Reset, modifier: NONE,
        x: 0, y: 9, fg: Rgb(128, 128, 128), bg: Reset, underline: Reset, modifier: NONE,
        x: 24, y: 9, fg: Reset, bg: Reset, underline: Reset, modifier: NONE,
        x: 0, y: 10, fg: Rgb(128, 0, 0), bg: Reset, underline: Reset, modifier: NONE,
        x: 34, y: 10, fg: Reset, bg: Reset, underline: Reset, modifier: NONE,
        x: 35, y: 10, fg: Rgb(128, 0, 0), bg: Reset, underline: Reset, modifier: NONE,
        x: 36, y: 10, fg: Reset, bg: Reset, underline: Reset, modifier: NONE,
        x: 37, y: 10, fg: Rgb(128, 0, 0), bg: Reset, underline: Reset, modifier: NONE,
        x: 40, y: 10, fg: Reset, bg: Reset, underline: Reset, modifier: NONE,
        x: 0, y: 11, fg: Rgb(128, 0, 0), bg: Reset, underline: Reset, modifier: NONE,
        x: 35, y: 11, fg: Reset, bg: Reset, underline: Reset, modifier: NONE,
        x: 0, y: 12, fg: Rgb(0, 128, 0), bg: Reset, underline: Reset, modifier: NONE,
        x: 40, y: 12, fg: Reset, bg: Reset, underline: Reset, modifier: NONE,
        x: 41, y: 12, fg: Rgb(0, 128, 0), bg: Reset, underline: Reset, modifier: NONE,
        x: 44, y: 12, fg: Reset, bg: Reset, underline: Reset, modifier: NONE,
        x: 0, y: 13, fg: Rgb(0, 128, 0), bg: Reset, underline: Reset, modifier: NONE,
        x: 37, y: 13, fg: Reset, bg: Reset, underline: Reset, modifier: NONE,
        x: 0, y: 14, fg: Rgb(128, 128, 128), bg: Reset, underline: Reset, modifier: NONE,
        x: 13, y: 14, fg: Reset, bg: Reset, underline: Reset, modifier: NONE,
        x: 0, y: 18, fg: Rgb(128, 128, 128), bg: Reset, underline: Reset, modifier: NONE,
        x: 1, y: 18, fg: Rgb(0, 128, 128), bg: Reset, underline: Reset, modifier: NONE,
        x: 4, y: 18, fg: Rgb(128, 128, 128), bg: Reset, underline: Reset, modifier: NONE,
        x: 1, y: 19, fg: Rgb(255, 255, 255), bg: Reset, underline: Reset, modifier: NONE,
        x: 2, y: 19, fg: Reset, bg: Reset, underline: Reset, modifier: NONE,
        x: 79, y: 19, fg: Rgb(128, 128, 128), bg: Reset, underline: Reset, modifier: NONE,
        x: 1, y: 20, fg: Reset, bg: Reset, underline: Reset, modifier: NONE,
        x: 79, y: 20, fg: Rgb(128, 128, 128), bg: Reset, underline: Reset, modifier: NONE,
        x: 1, y: 21, fg: Reset, bg: Reset, underline: Reset, modifier: NONE,
        x: 79, y: 21, fg: Rgb(128, 128, 128), bg: Reset, underline: Reset, modifier: NONE,
        x: 0, y: 23, fg: Rgb(128, 128, 128), bg: Rgb(30, 30, 46), underline: Reset, modifier: NONE,
        x: 5, y: 23, fg: Reset, bg: Rgb(30, 30, 46), underline: Reset, modifier: NONE,
    ]
}
